Copyright 1986-2019 Xilinx, Inc. All Rights Reserved.
--------------------------------------------------------------------------------------------
| Tool Version : Vivado v.2019.2 (win64) Build 2708876 Wed Nov  6 21:40:23 MST 2019
| Date         : Thu Aug 11 20:19:37 2022
| Host         : DESKTOP-V9918HG running 64-bit major release  (build 9200)
| Command      : report_clock_utilization -file bd_top_wrapper_clock_utilization_routed.rpt
| Design       : bd_top_wrapper
| Device       : 7a200t-fbg676
| Speed File   : -2  PRODUCTION 1.23 2018-06-13
| Design State : Routed
--------------------------------------------------------------------------------------------

Clock Utilization Report

Table of Contents
-----------------
1. Clock Primitive Utilization
2. Global Clock Resources
3. Global Clock Source Details
4. Local Clock Details
5. Clock Regions: Key Resource Utilization
6. Clock Regions : Global Clock Summary
7. Device Cell Placement Summary for Global Clock g0
8. Device Cell Placement Summary for Global Clock g1
9. Device Cell Placement Summary for Global Clock g2
10. Device Cell Placement Summary for Global Clock g3
11. Device Cell Placement Summary for Global Clock g4
12. Device Cell Placement Summary for Global Clock g5
13. Device Cell Placement Summary for Global Clock g6
14. Device Cell Placement Summary for Global Clock g7
15. Device Cell Placement Summary for Global Clock g8
16. Device Cell Placement Summary for Global Clock g9
17. Device Cell Placement Summary for Global Clock g10
18. Device Cell Placement Summary for Global Clock g11
19. Clock Region Cell Placement per Global Clock: Region X0Y0
20. Clock Region Cell Placement per Global Clock: Region X1Y0
21. Clock Region Cell Placement per Global Clock: Region X0Y1
22. Clock Region Cell Placement per Global Clock: Region X1Y1
23. Clock Region Cell Placement per Global Clock: Region X0Y2
24. Clock Region Cell Placement per Global Clock: Region X1Y2
25. Clock Region Cell Placement per Global Clock: Region X0Y3
26. Clock Region Cell Placement per Global Clock: Region X1Y3
27. Clock Region Cell Placement per Global Clock: Region X0Y4

1. Clock Primitive Utilization
------------------------------

+----------+------+-----------+-----+--------------+--------+
| Type     | Used | Available | LOC | Clock Region | Pblock |
+----------+------+-----------+-----+--------------+--------+
| BUFGCTRL |   11 |        32 |   0 |            0 |      0 |
| BUFH     |    1 |       120 |   0 |            0 |      0 |
| BUFIO    |    0 |        40 |   0 |            0 |      0 |
| BUFMR    |    0 |        20 |   0 |            0 |      0 |
| BUFR     |    0 |        40 |   0 |            0 |      0 |
| MMCM     |    1 |        10 |   1 |            0 |      0 |
| PLL      |    5 |        10 |   1 |            0 |      0 |
+----------+------+-----------+-----+--------------+--------+


2. Global Clock Resources
-------------------------

+-----------+-----------+-----------------+------------+----------------+--------------+-------------------+-------------+-----------------+--------------+-----------------------------+---------------------------------------------------------------------------------------------+------------------------------------------------------------------------------------+
| Global Id | Source Id | Driver Type/Pin | Constraint | Site           | Clock Region | Load Clock Region | Clock Loads | Non-Clock Loads | Clock Period | Clock                       | Driver Pin                                                                                  | Net                                                                                |
+-----------+-----------+-----------------+------------+----------------+--------------+-------------------+-------------+-----------------+--------------+-----------------------------+---------------------------------------------------------------------------------------------+------------------------------------------------------------------------------------+
| g0        | src0      | BUFG/O          | None       | BUFGCTRL_X0Y3  | n/a          |                 7 |       22060 |               0 |       30.303 | clk_cpu_bd_top_clk_wiz_0_0  | bd_top_i/clk_pll_cpu/inst/clkout1_buf/O                                                     | bd_top_i/clk_pll_cpu/inst/clk_cpu                                                  |
| g1        | src1      | BUFG/O          | None       | BUFGCTRL_X0Y4  | n/a          |                 9 |        6480 |               0 |       10.000 | clk_out1_bd_top_clk_wiz_3_0 | bd_top_i/clk_pll_100/inst/clkout1_buf/O                                                     | bd_top_i/clk_pll_100/inst/clk_out1                                                 |
| g2        | src2      | BUFG/O          | None       | BUFGCTRL_X0Y16 | n/a          |                 4 |        6439 |               0 |              |                             | bd_top_i/mig_7series_0/u_bd_top_mig_7series_0_0_mig/u_ddr3_infrastructure/u_bufg_clkdiv0/O  | bd_top_i/mig_7series_0/u_bd_top_mig_7series_0_0_mig/u_ddr3_infrastructure/CLK      |
| g3        | src3      | BUFG/O          | None       | BUFGCTRL_X0Y17 | n/a          |                 1 |        1186 |               0 |       30.303 | clk_spi_bd_top_clk_wiz_1_0  | bd_top_i/clk_pll_33/inst/clkout1_buf/O                                                      | bd_top_i/clk_pll_33/inst/clk_spi                                                   |
| g4        | src4      | BUFG/O          | None       | BUFGCTRL_X0Y1  | n/a          |                 3 |          62 |               0 |        5.000 | clk_ref_bd_top_clk_wiz_2_0  | bd_top_i/clk_pll_200/inst/clkout1_buf/O                                                     | bd_top_i/clk_pll_200/inst/clk_ref                                                  |
| g5        | src5      | BUFG/O          | None       | BUFGCTRL_X0Y2  | n/a          |                 2 |          59 |               1 |       40.000 | MII_tx_clk                  | bd_top_i/axi_ethernetlite_0/U0/NO_LOOPBACK_GEN.INCLUDE_BUFG_GEN.CLOCK_BUFG_TX/O             | bd_top_i/axi_ethernetlite_0/U0/phy_tx_clk_core                                     |
| g6        | src6      | BUFG/O          | None       | BUFGCTRL_X0Y0  | n/a          |                 3 |          57 |               0 |       40.000 | MII_rx_clk                  | bd_top_i/axi_ethernetlite_0/U0/NO_LOOPBACK_GEN.INCLUDE_BUFG_GEN.CLOCK_BUFG_RX/O             | bd_top_i/axi_ethernetlite_0/U0/phy_rx_clk_core                                     |
| g7        | src1      | BUFG/O          | None       | BUFGCTRL_X0Y5  | n/a          |                 1 |           1 |               0 |       10.000 | clkfbout_bd_top_clk_wiz_3_0 | bd_top_i/clk_pll_100/inst/clkf_buf/O                                                        | bd_top_i/clk_pll_100/inst/clkfbout_buf_bd_top_clk_wiz_3_0                          |
| g8        | src4      | BUFG/O          | None       | BUFGCTRL_X0Y6  | n/a          |                 1 |           1 |               0 |       10.000 | clkfbout_bd_top_clk_wiz_2_0 | bd_top_i/clk_pll_200/inst/clkf_buf/O                                                        | bd_top_i/clk_pll_200/inst/clkfbout_buf_bd_top_clk_wiz_2_0                          |
| g9        | src3      | BUFG/O          | None       | BUFGCTRL_X0Y18 | n/a          |                 1 |           1 |               0 |       40.000 | clkfbout_bd_top_clk_wiz_1_0 | bd_top_i/clk_pll_33/inst/clkf_buf/O                                                         | bd_top_i/clk_pll_33/inst/clkfbout_buf_bd_top_clk_wiz_1_0                           |
| g10       | src0      | BUFG/O          | None       | BUFGCTRL_X0Y7  | n/a          |                 1 |           1 |               0 |       40.000 | clkfbout_bd_top_clk_wiz_0_0 | bd_top_i/clk_pll_cpu/inst/clkf_buf/O                                                        | bd_top_i/clk_pll_cpu/inst/clkfbout_buf_bd_top_clk_wiz_0_0                          |
| g11       | src7      | BUFH/O          | None       | BUFHCE_X0Y48   | X0Y4         |                 1 |           1 |               0 |              |                             | bd_top_i/mig_7series_0/u_bd_top_mig_7series_0_0_mig/u_ddr3_infrastructure/u_bufh_pll_clk3/O | bd_top_i/mig_7series_0/u_bd_top_mig_7series_0_0_mig/u_ddr3_infrastructure/pll_clk3 |
+-----------+-----------+-----------------+------------+----------------+--------------+-------------------+-------------+-----------------+--------------+-----------------------------+---------------------------------------------------------------------------------------------+------------------------------------------------------------------------------------+
* Clock Loads column represents the clock pin loads (pin count)
** Non-Clock Loads column represents the non-clock pin loads (pin count)


3. Global Clock Source Details
------------------------------

+-----------+-----------+---------------------+-----------------+-----------------+--------------+-------------+-----------------+---------------------+-----------------------------+----------------------------------------------------------------------------------------------------+----------------------------------------------------------------------------------------+
| Source Id | Global Id | Driver Type/Pin     | Constraint      | Site            | Clock Region | Clock Loads | Non-Clock Loads | Source Clock Period | Source Clock                | Driver Pin                                                                                         | Net                                                                                    |
+-----------+-----------+---------------------+-----------------+-----------------+--------------+-------------+-----------------+---------------------+-----------------------------+----------------------------------------------------------------------------------------------------+----------------------------------------------------------------------------------------+
| src0      | g0        | PLLE2_ADV/CLKOUT0   | None            | PLLE2_ADV_X0Y0  | X0Y0         |           1 |               0 |              30.303 | clk_cpu_bd_top_clk_wiz_0_0  | bd_top_i/clk_pll_cpu/inst/plle2_adv_inst/CLKOUT0                                                   | bd_top_i/clk_pll_cpu/inst/clk_cpu_bd_top_clk_wiz_0_0                                   |
| src0      | g10       | PLLE2_ADV/CLKFBOUT  | None            | PLLE2_ADV_X0Y0  | X0Y0         |           1 |               0 |              40.000 | clkfbout_bd_top_clk_wiz_0_0 | bd_top_i/clk_pll_cpu/inst/plle2_adv_inst/CLKFBOUT                                                  | bd_top_i/clk_pll_cpu/inst/clkfbout_bd_top_clk_wiz_0_0                                  |
| src1      | g1        | PLLE2_ADV/CLKOUT0   | None            | PLLE2_ADV_X0Y1  | X0Y1         |           1 |               0 |              10.000 | clk_out1_bd_top_clk_wiz_3_0 | bd_top_i/clk_pll_100/inst/plle2_adv_inst/CLKOUT0                                                   | bd_top_i/clk_pll_100/inst/clk_out1_bd_top_clk_wiz_3_0                                  |
| src1      | g7        | PLLE2_ADV/CLKFBOUT  | None            | PLLE2_ADV_X0Y1  | X0Y1         |           1 |               0 |              10.000 | clkfbout_bd_top_clk_wiz_3_0 | bd_top_i/clk_pll_100/inst/plle2_adv_inst/CLKFBOUT                                                  | bd_top_i/clk_pll_100/inst/clkfbout_bd_top_clk_wiz_3_0                                  |
| src2      | g2        | MMCME2_ADV/CLKFBOUT | MMCME2_ADV_X0Y4 | MMCME2_ADV_X0Y4 | X0Y4         |           1 |               0 |                     |                             | bd_top_i/mig_7series_0/u_bd_top_mig_7series_0_0_mig/u_ddr3_infrastructure/gen_mmcm.mmcm_i/CLKFBOUT | bd_top_i/mig_7series_0/u_bd_top_mig_7series_0_0_mig/u_ddr3_infrastructure/clk_pll_i    |
| src3      | g3        | PLLE2_ADV/CLKOUT0   | None            | PLLE2_ADV_X0Y3  | X0Y3         |           1 |               0 |              30.303 | clk_spi_bd_top_clk_wiz_1_0  | bd_top_i/clk_pll_33/inst/plle2_adv_inst/CLKOUT0                                                    | bd_top_i/clk_pll_33/inst/clk_spi_bd_top_clk_wiz_1_0                                    |
| src3      | g9        | PLLE2_ADV/CLKFBOUT  | None            | PLLE2_ADV_X0Y3  | X0Y3         |           1 |               0 |              40.000 | clkfbout_bd_top_clk_wiz_1_0 | bd_top_i/clk_pll_33/inst/plle2_adv_inst/CLKFBOUT                                                   | bd_top_i/clk_pll_33/inst/clkfbout_bd_top_clk_wiz_1_0                                   |
| src4      | g4        | PLLE2_ADV/CLKOUT0   | None            | PLLE2_ADV_X0Y2  | X0Y2         |           1 |               0 |               5.000 | clk_ref_bd_top_clk_wiz_2_0  | bd_top_i/clk_pll_200/inst/plle2_adv_inst/CLKOUT0                                                   | bd_top_i/clk_pll_200/inst/clk_ref_bd_top_clk_wiz_2_0                                   |
| src4      | g8        | PLLE2_ADV/CLKFBOUT  | None            | PLLE2_ADV_X0Y2  | X0Y2         |           1 |               0 |              10.000 | clkfbout_bd_top_clk_wiz_2_0 | bd_top_i/clk_pll_200/inst/plle2_adv_inst/CLKFBOUT                                                  | bd_top_i/clk_pll_200/inst/clkfbout_bd_top_clk_wiz_2_0                                  |
| src5      | g5        | IBUF/O              | IOB_X0Y28       | IOB_X0Y28       | X0Y0         |           1 |               0 |              40.000 | MII_tx_clk                  | bd_top_i/axi_ethernetlite_0/U0/NO_LOOPBACK_GEN.INCLUDE_BUFG_GEN.TX_IBUF_INST/O                     | bd_top_i/axi_ethernetlite_0/U0/o                                                       |
| src6      | g6        | IBUF/O              | IOB_X0Y24       | IOB_X0Y24       | X0Y0         |           1 |               0 |              40.000 | MII_rx_clk                  | bd_top_i/axi_ethernetlite_0/U0/NO_LOOPBACK_GEN.INCLUDE_BUFG_GEN.RX_IBUF_INST/O                     | bd_top_i/axi_ethernetlite_0/U0/NO_LOOPBACK_GEN.INCLUDE_BUFG_GEN.RX_IBUF_INST_n_0       |
| src7      | g11       | PLLE2_ADV/CLKOUT3   | PLLE2_ADV_X0Y4  | PLLE2_ADV_X0Y4  | X0Y4         |           1 |               0 |                     |                             | bd_top_i/mig_7series_0/u_bd_top_mig_7series_0_0_mig/u_ddr3_infrastructure/plle2_i/CLKOUT3          | bd_top_i/mig_7series_0/u_bd_top_mig_7series_0_0_mig/u_ddr3_infrastructure/pll_clk3_out |
+-----------+-----------+---------------------+-----------------+-----------------+--------------+-------------+-----------------+---------------------+-----------------------------+----------------------------------------------------------------------------------------------------+----------------------------------------------------------------------------------------+
* Clock Loads column represents the clock pin loads (pin count)
** Non-Clock Loads column represents the non-clock pin loads (pin count)


4. Local Clock Details
----------------------

+----------+----------------------------+----------------------+-------------------------------------+--------------+-------------+-----------------+--------------+-------+--------------------------------------------------------------------------------------------------------------------------------------------------------------------------------------------------------------------------+-----------------------------------------------------------------------------------------------------------------------------------------------------------------------------------------------------------------------+
| Local Id | Driver Type/Pin            | Constraint           | Site/BEL                            | Clock Region | Clock Loads | Non-Clock Loads | Clock Period | Clock | Driver Pin                                                                                                                                                                                                               | Net                                                                                                                                                                                                                   |
+----------+----------------------------+----------------------+-------------------------------------+--------------+-------------+-----------------+--------------+-------+--------------------------------------------------------------------------------------------------------------------------------------------------------------------------------------------------------------------------+-----------------------------------------------------------------------------------------------------------------------------------------------------------------------------------------------------------------------||
| 0        | FDRE/Q                     | None                 | SLICE_X68Y50/AFF                    | X0Y1         |         260 |               1 |              |       | bd_top_i/gpu_top_0/inst/lcd_ctrl/lcd_clk_reg/Q                                                                                                                                                                           | bd_top_i/gpu_top_0/inst/lcd_ctrl/lcd_clk                                                                                                                                                                              - Static -
| 1        | PLLE2_ADV/CLKOUT0          | PLLE2_ADV_X0Y4       | PLLE2_ADV_X0Y4/PLLE2_ADV            | X0Y4         |           5 |               2 |              |       | bd_top_i/mig_7series_0/u_bd_top_mig_7series_0_0_mig/u_ddr3_infrastructure/plle2_i/CLKOUT0                                                                                                                                | bd_top_i/mig_7series_0/u_bd_top_mig_7series_0_0_mig/u_ddr3_infrastructure/freq_refclk                                                                                                                                 - Static -
| 2        | PHASER_OUT_PHY/OCLKDELAYED | PHASER_OUT_PHY_X0Y16 | PHASER_OUT_PHY_X0Y16/PHASER_OUT_PHY | X0Y4         |           2 |               0 |              |       | bd_top_i/mig_7series_0/u_bd_top_mig_7series_0_0_mig/u_memc_ui_top_axi/mem_intfc0/ddr_phy_top0/u_ddr_mc_phy_wrapper/u_ddr_mc_phy/ddr_phy_4lanes_0.u_ddr_phy_4lanes/ddr_byte_lane_A.ddr_byte_lane_A/phaser_out/OCLKDELAYED | bd_top_i/mig_7series_0/u_bd_top_mig_7series_0_0_mig/u_memc_ui_top_axi/mem_intfc0/ddr_phy_top0/u_ddr_mc_phy_wrapper/u_ddr_mc_phy/ddr_phy_4lanes_0.u_ddr_phy_4lanes/ddr_byte_lane_A.ddr_byte_lane_A/oserdes_clk_delayed - Static -
| 3        | PHASER_OUT_PHY/OCLKDELAYED | PHASER_OUT_PHY_X0Y17 | PHASER_OUT_PHY_X0Y17/PHASER_OUT_PHY | X0Y4         |           2 |               0 |              |       | bd_top_i/mig_7series_0/u_bd_top_mig_7series_0_0_mig/u_memc_ui_top_axi/mem_intfc0/ddr_phy_top0/u_ddr_mc_phy_wrapper/u_ddr_mc_phy/ddr_phy_4lanes_0.u_ddr_phy_4lanes/ddr_byte_lane_B.ddr_byte_lane_B/phaser_out/OCLKDELAYED | bd_top_i/mig_7series_0/u_bd_top_mig_7series_0_0_mig/u_memc_ui_top_axi/mem_intfc0/ddr_phy_top0/u_ddr_mc_phy_wrapper/u_ddr_mc_phy/ddr_phy_4lanes_0.u_ddr_phy_4lanes/ddr_byte_lane_B.ddr_byte_lane_B/oserdes_clk_delayed - Static -
| 4        | PLLE2_ADV/CLKOUT1          | PLLE2_ADV_X0Y4       | PLLE2_ADV_X0Y4/PLLE2_ADV            | X0Y4         |           1 |               6 |              |       | bd_top_i/mig_7series_0/u_bd_top_mig_7series_0_0_mig/u_ddr3_infrastructure/plle2_i/CLKOUT1                                                                                                                                | bd_top_i/mig_7series_0/u_bd_top_mig_7series_0_0_mig/u_ddr3_infrastructure/mem_refclk                                                                                                                                  - Static -
+----------+----------------------------+----------------------+-------------------------------------+--------------+-------------+-----------------+--------------+-------+--------------------------------------------------------------------------------------------------------------------------------------------------------------------------------------------------------------------------+-----------------------------------------------------------------------------------------------------------------------------------------------------------------------------------------------------------------------||
* Local Clocks in this context represents only clocks driven by non-global buffers
** Clock Loads column represents the clock pin loads (pin count)
*** Non-Clock Loads column represents the non-clock pin loads (pin count)


5. Clock Regions: Key Resource Utilization
------------------------------------------

+-------------------+--------------+--------------+--------------+--------------+--------------+--------------+--------------+--------------+--------------+--------------+--------------+--------------+--------------+--------------+--------------+
|                   | Global Clock |     BUFRs    |    BUFMRs    |    BUFIOs    |     MMCM     |      PLL     |      GT      |      PCI     |    ILOGIC    |    OLOGIC    |      FF      |     LUTM     |    RAMB18    |    RAMB36    |    DSP48E2   |
+-------------------+------+-------+------+-------+------+-------+------+-------+------+-------+------+-------+------+-------+------+-------+------+-------+------+-------+------+-------+------+-------+------+-------+------+-------+------+-------+
| Clock Region Name | Used | Avail | Used | Avail | Used | Avail | Used | Avail | Used | Avail | Used | Avail | Used | Avail | Used | Avail | Used | Avail | Used | Avail | Used | Avail | Used | Avail | Used | Avail | Used | Avail | Used | Avail |
+-------------------+------+-------+------+-------+------+-------+------+-------+------+-------+------+-------+------+-------+------+-------+------+-------+------+-------+------+-------+------+-------+------+-------+------+-------+------+-------+
| X0Y0              |    4 |    12 |    0 |     4 |    0 |     2 |    0 |     4 |    0 |     1 |    1 |     1 |    0 |     4 |    0 |     0 |    2 |    50 |    5 |    50 |   19 |  2700 |    0 |   800 |    0 |    60 |   29 |    30 |    0 |    60 |
| X1Y0              |    2 |    12 |    0 |     4 |    0 |     2 |    0 |     4 |    0 |     1 |    0 |     1 |    0 |     4 |    0 |     0 |    0 |    50 |    0 |    50 |    0 |  2500 |    0 |   800 |    2 |    40 |    2 |    20 |    0 |    40 |
| X0Y1              |    7 |    12 |    0 |     4 |    0 |     2 |    0 |     4 |    0 |     1 |    1 |     1 |    0 |     0 |    0 |     0 |    0 |    50 |    0 |    50 | 8023 |  4200 | 2549 |  1400 |    4 |   100 |   44 |    50 |    0 |   100 |
| X1Y1              |    3 |    12 |    0 |     4 |    0 |     2 |    0 |     4 |    0 |     1 |    0 |     1 |    0 |     0 |    0 |     0 |    4 |    50 |    0 |    50 | 5563 |  4000 | 1827 |  1400 |   13 |    80 |   18 |    40 |    0 |    80 |
| X0Y2              |    5 |    12 |    0 |     4 |    0 |     2 |    0 |     4 |    0 |     1 |    1 |     1 |    0 |     0 |    0 |     0 |    0 |    50 |    0 |    50 | 7997 |  3600 | 3102 |  1400 |    0 |   100 |   30 |    50 |    0 |   100 |
| X1Y2              |    2 |    12 |    0 |     4 |    0 |     2 |    0 |     4 |    0 |     1 |    0 |     1 |    0 |     0 |    0 |     0 |    0 |    50 |    0 |    50 | 3315 |  4000 |  669 |  1400 |    0 |    80 |   22 |    40 |    0 |    80 |
| X0Y3              |    5 |    12 |    0 |     4 |    0 |     2 |    0 |     4 |    0 |     1 |    1 |     1 |    0 |     0 |    0 |     0 |    0 |    50 |    0 |    50 | 5568 |  3600 | 2121 |  1400 |    0 |   100 |   43 |    50 |    0 |   100 |
| X1Y3              |    2 |    12 |    0 |     4 |    0 |     2 |    0 |     4 |    0 |     1 |    0 |     1 |    0 |     0 |    0 |     0 |    0 |    50 |    0 |    50 | 3838 |  4000 | 1338 |  1400 |    0 |    80 |   18 |    40 |    0 |    80 |
| X0Y4              |    4 |    12 |    0 |     4 |    0 |     2 |    0 |     4 |    1 |     1 |    0 |     1 |    0 |     4 |    0 |     1 |    0 |    50 |    4 |    50 |  172 |  2550 |   62 |   750 |    0 |    50 |    6 |    25 |    0 |    60 |
| X1Y4              |    0 |    12 |    0 |     4 |    0 |     2 |    0 |     4 |    0 |     1 |    0 |     1 |    0 |     4 |    0 |     0 |    0 |    50 |    0 |    50 |    0 |  2500 |    0 |   800 |    0 |    40 |    0 |    20 |    0 |    40 |
+-------------------+------+-------+------+-------+------+-------+------+-------+------+-------+------+-------+------+-------+------+-------+------+-------+------+-------+------+-------+------+-------+------+-------+------+-------+------+-------+
* Global Clock column represents track count; while other columns represents cell counts


6. Clock Regions : Global Clock Summary
---------------------------------------

All Modules
+----+----+----+
|    | X0 | X1 |
+----+----+----+
| Y4 |  4 |  0 |
| Y3 |  5 |  2 |
| Y2 |  5 |  2 |
| Y1 |  7 |  3 |
| Y0 |  4 |  2 |
+----+----+----+


7. Device Cell Placement Summary for Global Clock g0
----------------------------------------------------

+-----------+-----------------+-------------------+----------------------------+-------------+----------------+-------------+----------+----------------+----------+-----------------------------------+
| Global Id | Driver Type/Pin | Driver Region (D) | Clock                      | Period (ns) | Waveform (ns)  | Slice Loads | IO Loads | Clocking Loads | GT Loads | Net                               |
+-----------+-----------------+-------------------+----------------------------+-------------+----------------+-------------+----------+----------------+----------+-----------------------------------+
| g0        | BUFG/O          | n/a               | clk_cpu_bd_top_clk_wiz_0_0 |      30.303 | {0.000 15.152} |       21029 |        0 |              0 |        0 | bd_top_i/clk_pll_cpu/inst/clk_cpu |
+-----------+-----------------+-------------------+----------------------------+-------------+----------------+-------------+----------+----------------+----------+-----------------------------------+
* Slice Loads column represents load cell count of all cell types other than IO, GT and clock resources
** IO Loads column represents load cell count of IO types
*** Clocking Loads column represents load cell count that are clock resources (global clock buffer, MMCM, PLL, etc)
**** GT Loads column represents load cell count of GT types


+----+-------+-------+
|    | X0    | X1    |
+----+-------+-------+
| Y4 |     0 |     0 |
| Y3 |  2182 |  3835 |
| Y2 |  4677 |  3295 |
| Y1 |  1467 |  5568 |
| Y0 |     0 |     5 |
+----+-------+-------+


8. Device Cell Placement Summary for Global Clock g1
----------------------------------------------------

+-----------+-----------------+-------------------+-----------------------------+-------------+---------------+-------------+----------+----------------+----------+------------------------------------+
| Global Id | Driver Type/Pin | Driver Region (D) | Clock                       | Period (ns) | Waveform (ns) | Slice Loads | IO Loads | Clocking Loads | GT Loads | Net                                |
+-----------+-----------------+-------------------+-----------------------------+-------------+---------------+-------------+----------+----------------+----------+------------------------------------+
| g1        | BUFG/O          | n/a               | clk_out1_bd_top_clk_wiz_3_0 |      10.000 | {0.000 5.000} |        6398 |        0 |              0 |        0 | bd_top_i/clk_pll_100/inst/clk_out1 |
+-----------+-----------------+-------------------+-----------------------------+-------------+---------------+-------------+----------+----------------+----------+------------------------------------+
* Slice Loads column represents load cell count of all cell types other than IO, GT and clock resources
** IO Loads column represents load cell count of IO types
*** Clocking Loads column represents load cell count that are clock resources (global clock buffer, MMCM, PLL, etc)
**** GT Loads column represents load cell count of GT types


+----+-------+-----+
|    | X0    | X1  |
+----+-------+-----+
| Y4 |     6 |   0 |
| Y3 |   143 |  21 |
| Y2 |   872 |  42 |
| Y1 |  5245 |  36 |
| Y0 |    31 |   2 |
+----+-------+-----+


9. Device Cell Placement Summary for Global Clock g2
----------------------------------------------------

+-----------+-----------------+-------------------+-------+-------------+---------------+-------------+----------+----------------+----------+-------------------------------------------------------------------------------+
| Global Id | Driver Type/Pin | Driver Region (D) | Clock | Period (ns) | Waveform (ns) | Slice Loads | IO Loads | Clocking Loads | GT Loads | Net                                                                           |
+-----------+-----------------+-------------------+-------+-------------+---------------+-------------+----------+----------------+----------+-------------------------------------------------------------------------------+
| g2        | BUFG/O          | n/a               |       |             |               |        6302 |        0 |              1 |        0 | bd_top_i/mig_7series_0/u_bd_top_mig_7series_0_0_mig/u_ddr3_infrastructure/CLK |
+-----------+-----------------+-------------------+-------+-------------+---------------+-------------+----------+----------------+----------+-------------------------------------------------------------------------------+
* Slice Loads column represents load cell count of all cell types other than IO, GT and clock resources
** IO Loads column represents load cell count of IO types
*** Clocking Loads column represents load cell count that are clock resources (global clock buffer, MMCM, PLL, etc)
**** GT Loads column represents load cell count of GT types


+----+-------+----+
|    | X0    | X1 |
+----+-------+----+
| Y4 |   189 |  0 |
| Y3 |  3373 |  0 |
| Y2 |  2541 |  0 |
| Y1 |   200 |  0 |
| Y0 |     0 |  0 |
+----+-------+----+


10. Device Cell Placement Summary for Global Clock g3
-----------------------------------------------------

+-----------+-----------------+-------------------+----------------------------+-------------+----------------+-------------+----------+----------------+----------+----------------------------------+
| Global Id | Driver Type/Pin | Driver Region (D) | Clock                      | Period (ns) | Waveform (ns)  | Slice Loads | IO Loads | Clocking Loads | GT Loads | Net                              |
+-----------+-----------------+-------------------+----------------------------+-------------+----------------+-------------+----------+----------------+----------+----------------------------------+
| g3        | BUFG/O          | n/a               | clk_spi_bd_top_clk_wiz_1_0 |      30.303 | {0.000 15.152} |        1172 |        0 |              0 |        0 | bd_top_i/clk_pll_33/inst/clk_spi |
+-----------+-----------------+-------------------+----------------------------+-------------+----------------+-------------+----------+----------------+----------+----------------------------------+
* Slice Loads column represents load cell count of all cell types other than IO, GT and clock resources
** IO Loads column represents load cell count of IO types
*** Clocking Loads column represents load cell count that are clock resources (global clock buffer, MMCM, PLL, etc)
**** GT Loads column represents load cell count of GT types


+----+-------+----+
|    | X0    | X1 |
+----+-------+----+
| Y4 |     0 |  0 |
| Y3 |     0 |  0 |
| Y2 |     0 |  0 |
| Y1 |  1172 |  0 |
| Y0 |     0 |  0 |
+----+-------+----+


11. Device Cell Placement Summary for Global Clock g4
-----------------------------------------------------

+-----------+-----------------+-------------------+----------------------------+-------------+---------------+-------------+----------+----------------+----------+-----------------------------------+
| Global Id | Driver Type/Pin | Driver Region (D) | Clock                      | Period (ns) | Waveform (ns) | Slice Loads | IO Loads | Clocking Loads | GT Loads | Net                               |
+-----------+-----------------+-------------------+----------------------------+-------------+---------------+-------------+----------+----------------+----------+-----------------------------------+
| g4        | BUFG/O          | n/a               | clk_ref_bd_top_clk_wiz_2_0 |       5.000 | {0.000 2.500} |          62 |        0 |              0 |        0 | bd_top_i/clk_pll_200/inst/clk_ref |
+-----------+-----------------+-------------------+----------------------------+-------------+---------------+-------------+----------+----------------+----------+-----------------------------------+
* Slice Loads column represents load cell count of all cell types other than IO, GT and clock resources
** IO Loads column represents load cell count of IO types
*** Clocking Loads column represents load cell count that are clock resources (global clock buffer, MMCM, PLL, etc)
**** GT Loads column represents load cell count of GT types


+----+-----+----+
|    | X0  | X1 |
+----+-----+----+
| Y4 |  16 |  0 |
| Y3 |  40 |  0 |
| Y2 |   6 |  0 |
| Y1 |   0 |  0 |
| Y0 |   0 |  0 |
+----+-----+----+


12. Device Cell Placement Summary for Global Clock g5
-----------------------------------------------------

+-----------+-----------------+-------------------+------------+-------------+----------------+-------------+----------+----------------+----------+------------------------------------------------+
| Global Id | Driver Type/Pin | Driver Region (D) | Clock      | Period (ns) | Waveform (ns)  | Slice Loads | IO Loads | Clocking Loads | GT Loads | Net                                            |
+-----------+-----------------+-------------------+------------+-------------+----------------+-------------+----------+----------------+----------+------------------------------------------------+
| g5        | BUFG/O          | n/a               | MII_tx_clk |      40.000 | {0.000 20.000} |          60 |        0 |              0 |        0 | bd_top_i/axi_ethernetlite_0/U0/phy_tx_clk_core |
+-----------+-----------------+-------------------+------------+-------------+----------------+-------------+----------+----------------+----------+------------------------------------------------+
* Slice Loads column represents load cell count of all cell types other than IO, GT and clock resources
** IO Loads column represents load cell count of IO types
*** Clocking Loads column represents load cell count that are clock resources (global clock buffer, MMCM, PLL, etc)
**** GT Loads column represents load cell count of GT types


+----+-----+----+
|    | X0  | X1 |
+----+-----+----+
| Y4 |   0 |  0 |
| Y3 |   0 |  0 |
| Y2 |   0 |  0 |
| Y1 |  45 |  0 |
| Y0 |  15 |  0 |
+----+-----+----+


13. Device Cell Placement Summary for Global Clock g6
-----------------------------------------------------

+-----------+-----------------+-------------------+------------+-------------+----------------+-------------+----------+----------------+----------+------------------------------------------------+
| Global Id | Driver Type/Pin | Driver Region (D) | Clock      | Period (ns) | Waveform (ns)  | Slice Loads | IO Loads | Clocking Loads | GT Loads | Net                                            |
+-----------+-----------------+-------------------+------------+-------------+----------------+-------------+----------+----------------+----------+------------------------------------------------+
| g6        | BUFG/O          | n/a               | MII_rx_clk |      40.000 | {0.000 20.000} |          56 |        0 |              0 |        0 | bd_top_i/axi_ethernetlite_0/U0/phy_rx_clk_core |
+-----------+-----------------+-------------------+------------+-------------+----------------+-------------+----------+----------------+----------+------------------------------------------------+
* Slice Loads column represents load cell count of all cell types other than IO, GT and clock resources
** IO Loads column represents load cell count of IO types
*** Clocking Loads column represents load cell count that are clock resources (global clock buffer, MMCM, PLL, etc)
**** GT Loads column represents load cell count of GT types


+----+-----+----+
|    | X0  | X1 |
+----+-----+----+
| Y4 |   0 |  0 |
| Y3 |   0 |  0 |
| Y2 |   0 |  0 |
| Y1 |  50 |  4 |
| Y0 |   2 |  0 |
+----+-----+----+


14. Device Cell Placement Summary for Global Clock g7
-----------------------------------------------------

+-----------+-----------------+-------------------+-----------------------------+-------------+---------------+-------------+----------+----------------+----------+-----------------------------------------------------------+
| Global Id | Driver Type/Pin | Driver Region (D) | Clock                       | Period (ns) | Waveform (ns) | Slice Loads | IO Loads | Clocking Loads | GT Loads | Net                                                       |
+-----------+-----------------+-------------------+-----------------------------+-------------+---------------+-------------+----------+----------------+----------+-----------------------------------------------------------+
| g7        | BUFG/O          | n/a               | clkfbout_bd_top_clk_wiz_3_0 |      10.000 | {0.000 5.000} |           0 |        0 |              1 |        0 | bd_top_i/clk_pll_100/inst/clkfbout_buf_bd_top_clk_wiz_3_0 |
+-----------+-----------------+-------------------+-----------------------------+-------------+---------------+-------------+----------+----------------+----------+-----------------------------------------------------------+
* Slice Loads column represents load cell count of all cell types other than IO, GT and clock resources
** IO Loads column represents load cell count of IO types
*** Clocking Loads column represents load cell count that are clock resources (global clock buffer, MMCM, PLL, etc)
**** GT Loads column represents load cell count of GT types


+----+----+----+
|    | X0 | X1 |
+----+----+----+
| Y4 |  0 |  0 |
| Y3 |  0 |  0 |
| Y2 |  0 |  0 |
| Y1 |  1 |  0 |
| Y0 |  0 |  0 |
+----+----+----+


15. Device Cell Placement Summary for Global Clock g8
-----------------------------------------------------

+-----------+-----------------+-------------------+-----------------------------+-------------+---------------+-------------+----------+----------------+----------+-----------------------------------------------------------+
| Global Id | Driver Type/Pin | Driver Region (D) | Clock                       | Period (ns) | Waveform (ns) | Slice Loads | IO Loads | Clocking Loads | GT Loads | Net                                                       |
+-----------+-----------------+-------------------+-----------------------------+-------------+---------------+-------------+----------+----------------+----------+-----------------------------------------------------------+
| g8        | BUFG/O          | n/a               | clkfbout_bd_top_clk_wiz_2_0 |      10.000 | {0.000 5.000} |           0 |        0 |              1 |        0 | bd_top_i/clk_pll_200/inst/clkfbout_buf_bd_top_clk_wiz_2_0 |
+-----------+-----------------+-------------------+-----------------------------+-------------+---------------+-------------+----------+----------------+----------+-----------------------------------------------------------+
* Slice Loads column represents load cell count of all cell types other than IO, GT and clock resources
** IO Loads column represents load cell count of IO types
*** Clocking Loads column represents load cell count that are clock resources (global clock buffer, MMCM, PLL, etc)
**** GT Loads column represents load cell count of GT types


+----+----+----+
|    | X0 | X1 |
+----+----+----+
| Y4 |  0 |  0 |
| Y3 |  0 |  0 |
| Y2 |  1 |  0 |
| Y1 |  0 |  0 |
| Y0 |  0 |  0 |
+----+----+----+


16. Device Cell Placement Summary for Global Clock g9
-----------------------------------------------------

+-----------+-----------------+-------------------+-----------------------------+-------------+----------------+-------------+----------+----------------+----------+----------------------------------------------------------+
| Global Id | Driver Type/Pin | Driver Region (D) | Clock                       | Period (ns) | Waveform (ns)  | Slice Loads | IO Loads | Clocking Loads | GT Loads | Net                                                      |
+-----------+-----------------+-------------------+-----------------------------+-------------+----------------+-------------+----------+----------------+----------+----------------------------------------------------------+
| g9        | BUFG/O          | n/a               | clkfbout_bd_top_clk_wiz_1_0 |      40.000 | {0.000 20.000} |           0 |        0 |              1 |        0 | bd_top_i/clk_pll_33/inst/clkfbout_buf_bd_top_clk_wiz_1_0 |
+-----------+-----------------+-------------------+-----------------------------+-------------+----------------+-------------+----------+----------------+----------+----------------------------------------------------------+
* Slice Loads column represents load cell count of all cell types other than IO, GT and clock resources
** IO Loads column represents load cell count of IO types
*** Clocking Loads column represents load cell count that are clock resources (global clock buffer, MMCM, PLL, etc)
**** GT Loads column represents load cell count of GT types


+----+----+----+
|    | X0 | X1 |
+----+----+----+
| Y4 |  0 |  0 |
| Y3 |  1 |  0 |
| Y2 |  0 |  0 |
| Y1 |  0 |  0 |
| Y0 |  0 |  0 |
+----+----+----+


17. Device Cell Placement Summary for Global Clock g10
------------------------------------------------------

+-----------+-----------------+-------------------+-----------------------------+-------------+----------------+-------------+----------+----------------+----------+-----------------------------------------------------------+
| Global Id | Driver Type/Pin | Driver Region (D) | Clock                       | Period (ns) | Waveform (ns)  | Slice Loads | IO Loads | Clocking Loads | GT Loads | Net                                                       |
+-----------+-----------------+-------------------+-----------------------------+-------------+----------------+-------------+----------+----------------+----------+-----------------------------------------------------------+
| g10       | BUFG/O          | n/a               | clkfbout_bd_top_clk_wiz_0_0 |      40.000 | {0.000 20.000} |           0 |        0 |              1 |        0 | bd_top_i/clk_pll_cpu/inst/clkfbout_buf_bd_top_clk_wiz_0_0 |
+-----------+-----------------+-------------------+-----------------------------+-------------+----------------+-------------+----------+----------------+----------+-----------------------------------------------------------+
* Slice Loads column represents load cell count of all cell types other than IO, GT and clock resources
** IO Loads column represents load cell count of IO types
*** Clocking Loads column represents load cell count that are clock resources (global clock buffer, MMCM, PLL, etc)
**** GT Loads column represents load cell count of GT types


+----+----+----+
|    | X0 | X1 |
+----+----+----+
| Y4 |  0 |  0 |
| Y3 |  0 |  0 |
| Y2 |  0 |  0 |
| Y1 |  0 |  0 |
| Y0 |  1 |  0 |
+----+----+----+


18. Device Cell Placement Summary for Global Clock g11
------------------------------------------------------

+-----------+-----------------+-------------------+-------+-------------+---------------+-------------+----------+----------------+----------+------------------------------------------------------------------------------------+
| Global Id | Driver Type/Pin | Driver Region (D) | Clock | Period (ns) | Waveform (ns) | Slice Loads | IO Loads | Clocking Loads | GT Loads | Net                                                                                |
+-----------+-----------------+-------------------+-------+-------------+---------------+-------------+----------+----------------+----------+------------------------------------------------------------------------------------+
| g11       | BUFH/O          | X0Y4              |       |             |               |           0 |        0 |              1 |        0 | bd_top_i/mig_7series_0/u_bd_top_mig_7series_0_0_mig/u_ddr3_infrastructure/pll_clk3 |
+-----------+-----------------+-------------------+-------+-------------+---------------+-------------+----------+----------------+----------+------------------------------------------------------------------------------------+
* Slice Loads column represents load cell count of all cell types other than IO, GT and clock resources
** IO Loads column represents load cell count of IO types
*** Clocking Loads column represents load cell count that are clock resources (global clock buffer, MMCM, PLL, etc)
**** GT Loads column represents load cell count of GT types


+----+--------+----+
|    | X0     | X1 |
+----+--------+----+
| Y4 |  (D) 1 |  0 |
| Y3 |      0 |  0 |
| Y2 |      0 |  0 |
| Y1 |      0 |  0 |
| Y0 |      0 |  0 |
+----+--------+----+


19. Clock Region Cell Placement per Global Clock: Region X0Y0
-------------------------------------------------------------

+-----------+-------+-----------------+------------+-------------+-----------------+----+--------+------+-----+----+------+-----+---------+-----------------------------------------------------------+
| Global Id | Track | Driver Type/Pin | Constraint | Clock Loads | Non-Clock Loads | FF | LUTRAM | RAMB | DSP | GT | MMCM | PLL | Hard IP | Net                                                       |
+-----------+-------+-----------------+------------+-------------+-----------------+----+--------+------+-----+----+------+-----+---------+-----------------------------------------------------------+
| g1        | n/a   | BUFG/O          | None       |          31 |               0 |  2 |      0 |   29 |   0 |  0 |    0 |   0 |       0 | bd_top_i/clk_pll_100/inst/clk_out1                        |
| g5        | n/a   | BUFG/O          | None       |          15 |               0 | 15 |      0 |    0 |   0 |  0 |    0 |   0 |       0 | bd_top_i/axi_ethernetlite_0/U0/phy_tx_clk_core            |
| g6        | n/a   | BUFG/O          | None       |           2 |               0 |  2 |      0 |    0 |   0 |  0 |    0 |   0 |       0 | bd_top_i/axi_ethernetlite_0/U0/phy_rx_clk_core            |
| g10       | n/a   | BUFG/O          | None       |           1 |               0 |  0 |      0 |    0 |   0 |  0 |    0 |   1 |       0 | bd_top_i/clk_pll_cpu/inst/clkfbout_buf_bd_top_clk_wiz_0_0 |
+-----------+-------+-----------------+------------+-------------+-----------------+----+--------+------+-----+----+------+-----+---------+-----------------------------------------------------------+
* Clock Loads column represents the clock pin loads (pin count)
** Non-Clock Loads column represents the non-clock pin loads (pin count)
*** Columns FF, LUTRAM, RAMB through 'Hard IP' represents load cell counts


20. Clock Region Cell Placement per Global Clock: Region X1Y0
-------------------------------------------------------------

+-----------+-------+-----------------+------------+-------------+-----------------+----+--------+------+-----+----+------+-----+---------+------------------------------------+
| Global Id | Track | Driver Type/Pin | Constraint | Clock Loads | Non-Clock Loads | FF | LUTRAM | RAMB | DSP | GT | MMCM | PLL | Hard IP | Net                                |
+-----------+-------+-----------------+------------+-------------+-----------------+----+--------+------+-----+----+------+-----+---------+------------------------------------+
| g0        | n/a   | BUFG/O          | None       |           5 |               0 |  0 |      0 |    2 |   0 |  0 |    0 |   0 |       0 | bd_top_i/clk_pll_cpu/inst/clk_cpu  |
| g1        | n/a   | BUFG/O          | None       |           2 |               0 |  0 |      0 |    2 |   0 |  0 |    0 |   0 |       0 | bd_top_i/clk_pll_100/inst/clk_out1 |
+-----------+-------+-----------------+------------+-------------+-----------------+----+--------+------+-----+----+------+-----+---------+------------------------------------+
* Clock Loads column represents the clock pin loads (pin count)
** Non-Clock Loads column represents the non-clock pin loads (pin count)
*** Columns FF, LUTRAM, RAMB through 'Hard IP' represents load cell counts


21. Clock Region Cell Placement per Global Clock: Region X0Y1
-------------------------------------------------------------

+-----------+-------+-----------------+------------+-------------+-----------------+------+--------+------+-----+----+------+-----+---------+-------------------------------------------------------------------------------+
| Global Id | Track | Driver Type/Pin | Constraint | Clock Loads | Non-Clock Loads | FF   | LUTRAM | RAMB | DSP | GT | MMCM | PLL | Hard IP | Net                                                                           |
+-----------+-------+-----------------+------------+-------------+-----------------+------+--------+------+-----+----+------+-----+---------+-------------------------------------------------------------------------------+
| g0        | n/a   | BUFG/O          | None       |        1467 |               0 | 1467 |      0 |    0 |   0 |  0 |    0 |   0 |       0 | bd_top_i/clk_pll_cpu/inst/clk_cpu                                             |
| g1        | n/a   | BUFG/O          | None       |        5245 |               0 | 5042 |    151 |   48 |   0 |  0 |    0 |   0 |       0 | bd_top_i/clk_pll_100/inst/clk_out1                                            |
| g2        | n/a   | BUFG/O          | None       |         200 |               0 |  200 |      0 |    0 |   0 |  0 |    0 |   0 |       0 | bd_top_i/mig_7series_0/u_bd_top_mig_7series_0_0_mig/u_ddr3_infrastructure/CLK |
| g3        | n/a   | BUFG/O          | None       |        1172 |               0 | 1172 |      0 |    0 |   0 |  0 |    0 |   0 |       0 | bd_top_i/clk_pll_33/inst/clk_spi                                              |
| g5        | n/a   | BUFG/O          | None       |          44 |               1 |   45 |      0 |    0 |   0 |  0 |    0 |   0 |       0 | bd_top_i/axi_ethernetlite_0/U0/phy_tx_clk_core                                |
| g6        | n/a   | BUFG/O          | None       |          50 |               0 |   50 |      0 |    0 |   0 |  0 |    0 |   0 |       0 | bd_top_i/axi_ethernetlite_0/U0/phy_rx_clk_core                                |
| g7        | n/a   | BUFG/O          | None       |           1 |               0 |    0 |      0 |    0 |   0 |  0 |    0 |   1 |       0 | bd_top_i/clk_pll_100/inst/clkfbout_buf_bd_top_clk_wiz_3_0                     |
+-----------+-------+-----------------+------------+-------------+-----------------+------+--------+------+-----+----+------+-----+---------+-------------------------------------------------------------------------------+
* Clock Loads column represents the clock pin loads (pin count)
** Non-Clock Loads column represents the non-clock pin loads (pin count)
*** Columns FF, LUTRAM, RAMB through 'Hard IP' represents load cell counts


22. Clock Region Cell Placement per Global Clock: Region X1Y1
-------------------------------------------------------------

+-----------+-------+-----------------+------------+-------------+-----------------+------+--------+------+-----+----+------+-----+---------+------------------------------------------------+
| Global Id | Track | Driver Type/Pin | Constraint | Clock Loads | Non-Clock Loads | FF   | LUTRAM | RAMB | DSP | GT | MMCM | PLL | Hard IP | Net                                            |
+-----------+-------+-----------------+------------+-------------+-----------------+------+--------+------+-----+----+------+-----+---------+------------------------------------------------+
| g0        | n/a   | BUFG/O          | None       |        5568 |               0 | 5541 |      0 |   13 |   0 |  0 |    0 |   0 |       0 | bd_top_i/clk_pll_cpu/inst/clk_cpu              |
| g1        | n/a   | BUFG/O          | None       |          36 |               0 |   18 |      0 |   18 |   0 |  0 |    0 |   0 |       0 | bd_top_i/clk_pll_100/inst/clk_out1             |
| g6        | n/a   | BUFG/O          | None       |           4 |               0 |    4 |      0 |    0 |   0 |  0 |    0 |   0 |       0 | bd_top_i/axi_ethernetlite_0/U0/phy_rx_clk_core |
+-----------+-------+-----------------+------------+-------------+-----------------+------+--------+------+-----+----+------+-----+---------+------------------------------------------------+
* Clock Loads column represents the clock pin loads (pin count)
** Non-Clock Loads column represents the non-clock pin loads (pin count)
*** Columns FF, LUTRAM, RAMB through 'Hard IP' represents load cell counts


23. Clock Region Cell Placement per Global Clock: Region X0Y2
-------------------------------------------------------------

+-----------+-------+-----------------+------------+-------------+-----------------+------+--------+------+-----+----+------+-----+---------+-------------------------------------------------------------------------------+
| Global Id | Track | Driver Type/Pin | Constraint | Clock Loads | Non-Clock Loads | FF   | LUTRAM | RAMB | DSP | GT | MMCM | PLL | Hard IP | Net                                                                           |
+-----------+-------+-----------------+------------+-------------+-----------------+------+--------+------+-----+----+------+-----+---------+-------------------------------------------------------------------------------+
| g0        | n/a   | BUFG/O          | None       |        4677 |               0 | 4667 |     10 |    0 |   0 |  0 |    0 |   0 |       0 | bd_top_i/clk_pll_cpu/inst/clk_cpu                                             |
| g1        | n/a   | BUFG/O          | None       |         872 |               0 |  842 |      0 |   30 |   0 |  0 |    0 |   0 |       0 | bd_top_i/clk_pll_100/inst/clk_out1                                            |
| g2        | n/a   | BUFG/O          | None       |        2541 |               0 | 2474 |     67 |    0 |   0 |  0 |    0 |   0 |       0 | bd_top_i/mig_7series_0/u_bd_top_mig_7series_0_0_mig/u_ddr3_infrastructure/CLK |
| g4        | n/a   | BUFG/O          | None       |           6 |               0 |    6 |      0 |    0 |   0 |  0 |    0 |   0 |       0 | bd_top_i/clk_pll_200/inst/clk_ref                                             |
| g8        | n/a   | BUFG/O          | None       |           1 |               0 |    0 |      0 |    0 |   0 |  0 |    0 |   1 |       0 | bd_top_i/clk_pll_200/inst/clkfbout_buf_bd_top_clk_wiz_2_0                     |
+-----------+-------+-----------------+------------+-------------+-----------------+------+--------+------+-----+----+------+-----+---------+-------------------------------------------------------------------------------+
* Clock Loads column represents the clock pin loads (pin count)
** Non-Clock Loads column represents the non-clock pin loads (pin count)
*** Columns FF, LUTRAM, RAMB through 'Hard IP' represents load cell counts


24. Clock Region Cell Placement per Global Clock: Region X1Y2
-------------------------------------------------------------

+-----------+-------+-----------------+------------+-------------+-----------------+------+--------+------+-----+----+------+-----+---------+------------------------------------+
| Global Id | Track | Driver Type/Pin | Constraint | Clock Loads | Non-Clock Loads | FF   | LUTRAM | RAMB | DSP | GT | MMCM | PLL | Hard IP | Net                                |
+-----------+-------+-----------------+------------+-------------+-----------------+------+--------+------+-----+----+------+-----+---------+------------------------------------+
| g0        | n/a   | BUFG/O          | None       |        3295 |               0 | 3295 |      0 |    0 |   0 |  0 |    0 |   0 |       0 | bd_top_i/clk_pll_cpu/inst/clk_cpu  |
| g1        | n/a   | BUFG/O          | None       |          42 |               0 |   20 |      0 |   22 |   0 |  0 |    0 |   0 |       0 | bd_top_i/clk_pll_100/inst/clk_out1 |
+-----------+-------+-----------------+------------+-------------+-----------------+------+--------+------+-----+----+------+-----+---------+------------------------------------+
* Clock Loads column represents the clock pin loads (pin count)
** Non-Clock Loads column represents the non-clock pin loads (pin count)
*** Columns FF, LUTRAM, RAMB through 'Hard IP' represents load cell counts


25. Clock Region Cell Placement per Global Clock: Region X0Y3
-------------------------------------------------------------

+-----------+-------+-----------------+------------+-------------+-----------------+------+--------+------+-----+----+------+-----+---------+-------------------------------------------------------------------------------+
| Global Id | Track | Driver Type/Pin | Constraint | Clock Loads | Non-Clock Loads | FF   | LUTRAM | RAMB | DSP | GT | MMCM | PLL | Hard IP | Net                                                                           |
+-----------+-------+-----------------+------------+-------------+-----------------+------+--------+------+-----+----+------+-----+---------+-------------------------------------------------------------------------------+
| g0        | n/a   | BUFG/O          | None       |        2182 |               0 | 2170 |      0 |   12 |   0 |  0 |    0 |   0 |       0 | bd_top_i/clk_pll_cpu/inst/clk_cpu                                             |
| g1        | n/a   | BUFG/O          | None       |         143 |               0 |  112 |      0 |   31 |   0 |  0 |    0 |   0 |       0 | bd_top_i/clk_pll_100/inst/clk_out1                                            |
| g2        | n/a   | BUFG/O          | None       |        3373 |               0 | 3231 |    142 |    0 |   0 |  0 |    0 |   0 |       0 | bd_top_i/mig_7series_0/u_bd_top_mig_7series_0_0_mig/u_ddr3_infrastructure/CLK |
| g4        | n/a   | BUFG/O          | None       |          40 |               0 |   39 |      0 |    0 |   0 |  0 |    0 |   0 |       0 | bd_top_i/clk_pll_200/inst/clk_ref                                             |
| g9        | n/a   | BUFG/O          | None       |           1 |               0 |    0 |      0 |    0 |   0 |  0 |    0 |   1 |       0 | bd_top_i/clk_pll_33/inst/clkfbout_buf_bd_top_clk_wiz_1_0                      |
+-----------+-------+-----------------+------------+-------------+-----------------+------+--------+------+-----+----+------+-----+---------+-------------------------------------------------------------------------------+
* Clock Loads column represents the clock pin loads (pin count)
** Non-Clock Loads column represents the non-clock pin loads (pin count)
*** Columns FF, LUTRAM, RAMB through 'Hard IP' represents load cell counts


26. Clock Region Cell Placement per Global Clock: Region X1Y3
-------------------------------------------------------------

+-----------+-------+-----------------+------------+-------------+-----------------+------+--------+------+-----+----+------+-----+---------+------------------------------------+
| Global Id | Track | Driver Type/Pin | Constraint | Clock Loads | Non-Clock Loads | FF   | LUTRAM | RAMB | DSP | GT | MMCM | PLL | Hard IP | Net                                |
+-----------+-------+-----------------+------------+-------------+-----------------+------+--------+------+-----+----+------+-----+---------+------------------------------------+
| g0        | n/a   | BUFG/O          | None       |        3835 |               0 | 3831 |      0 |    4 |   0 |  0 |    0 |   0 |       0 | bd_top_i/clk_pll_cpu/inst/clk_cpu  |
| g1        | n/a   | BUFG/O          | None       |          21 |               0 |    7 |      0 |   14 |   0 |  0 |    0 |   0 |       0 | bd_top_i/clk_pll_100/inst/clk_out1 |
+-----------+-------+-----------------+------------+-------------+-----------------+------+--------+------+-----+----+------+-----+---------+------------------------------------+
* Clock Loads column represents the clock pin loads (pin count)
** Non-Clock Loads column represents the non-clock pin loads (pin count)
*** Columns FF, LUTRAM, RAMB through 'Hard IP' represents load cell counts


27. Clock Region Cell Placement per Global Clock: Region X0Y4
-------------------------------------------------------------

+-----------+-------+-----------------+------------+-------------+-----------------+-----+--------+------+-----+----+------+-----+---------+------------------------------------------------------------------------------------+
| Global Id | Track | Driver Type/Pin | Constraint | Clock Loads | Non-Clock Loads | FF  | LUTRAM | RAMB | DSP | GT | MMCM | PLL | Hard IP | Net                                                                                |
+-----------+-------+-----------------+------------+-------------+-----------------+-----+--------+------+-----+----+------+-----+---------+------------------------------------------------------------------------------------+
| g1        | n/a   | BUFG/O          | None       |           6 |               0 |   0 |      0 |    6 |   0 |  0 |    0 |   0 |       0 | bd_top_i/clk_pll_100/inst/clk_out1                                                 |
| g2        | n/a   | BUFG/O          | None       |         189 |               0 | 157 |      2 |    0 |   0 |  0 |    1 |   0 |       0 | bd_top_i/mig_7series_0/u_bd_top_mig_7series_0_0_mig/u_ddr3_infrastructure/CLK      |
| g4        | n/a   | BUFG/O          | None       |          16 |               0 |  15 |      0 |    0 |   0 |  0 |    0 |   0 |       0 | bd_top_i/clk_pll_200/inst/clk_ref                                                  |
| g11       | n/a   | BUFH/O          | None       |           1 |               0 |   0 |      0 |    0 |   0 |  0 |    1 |   0 |       0 | bd_top_i/mig_7series_0/u_bd_top_mig_7series_0_0_mig/u_ddr3_infrastructure/pll_clk3 |
+-----------+-------+-----------------+------------+-------------+-----------------+-----+--------+------+-----+----+------+-----+---------+------------------------------------------------------------------------------------+
* Clock Loads column represents the clock pin loads (pin count)
** Non-Clock Loads column represents the non-clock pin loads (pin count)
*** Columns FF, LUTRAM, RAMB through 'Hard IP' represents load cell counts



# Location of BUFG Primitives 
set_property LOC BUFGCTRL_X0Y16 [get_cells bd_top_i/mig_7series_0/u_bd_top_mig_7series_0_0_mig/u_ddr3_infrastructure/u_bufg_clkdiv0]
set_property LOC BUFGCTRL_X0Y7 [get_cells bd_top_i/clk_pll_cpu/inst/clkf_buf]
set_property LOC BUFGCTRL_X0Y3 [get_cells bd_top_i/clk_pll_cpu/inst/clkout1_buf]
set_property LOC BUFGCTRL_X0Y18 [get_cells bd_top_i/clk_pll_33/inst/clkf_buf]
set_property LOC BUFGCTRL_X0Y17 [get_cells bd_top_i/clk_pll_33/inst/clkout1_buf]
set_property LOC BUFGCTRL_X0Y6 [get_cells bd_top_i/clk_pll_200/inst/clkf_buf]
set_property LOC BUFGCTRL_X0Y1 [get_cells bd_top_i/clk_pll_200/inst/clkout1_buf]
set_property LOC BUFGCTRL_X0Y5 [get_cells bd_top_i/clk_pll_100/inst/clkf_buf]
set_property LOC BUFGCTRL_X0Y4 [get_cells bd_top_i/clk_pll_100/inst/clkout1_buf]
set_property LOC BUFGCTRL_X0Y2 [get_cells bd_top_i/axi_ethernetlite_0/U0/NO_LOOPBACK_GEN.INCLUDE_BUFG_GEN.CLOCK_BUFG_TX]
set_property LOC BUFGCTRL_X0Y0 [get_cells bd_top_i/axi_ethernetlite_0/U0/NO_LOOPBACK_GEN.INCLUDE_BUFG_GEN.CLOCK_BUFG_RX]

# Location of BUFH Primitives 
set_property LOC BUFHCE_X0Y48 [get_cells bd_top_i/mig_7series_0/u_bd_top_mig_7series_0_0_mig/u_ddr3_infrastructure/u_bufh_pll_clk3]

# Location of IO Primitives which is load of clock spine

# Location of clock ports
set_property LOC IOB_X0Y24 [get_ports MII_rx_clk]
set_property LOC IOB_X0Y28 [get_ports MII_tx_clk]
set_property LOC IOB_X0Y22 [get_ports clk]

# Clock net "bd_top_i/mig_7series_0/u_bd_top_mig_7series_0_0_mig/u_ddr3_infrastructure/CLK" driven by instance "bd_top_i/mig_7series_0/u_bd_top_mig_7series_0_0_mig/u_ddr3_infrastructure/u_bufg_clkdiv0" located at site "BUFGCTRL_X0Y16"
#startgroup
create_pblock {CLKAG_bd_top_i/mig_7series_0/u_bd_top_mig_7series_0_0_mig/u_ddr3_infrastructure/CLK}
add_cells_to_pblock [get_pblocks  {CLKAG_bd_top_i/mig_7series_0/u_bd_top_mig_7series_0_0_mig/u_ddr3_infrastructure/CLK}] [get_cells -filter { PRIMITIVE_GROUP != I/O && IS_PRIMITIVE==1 && PRIMITIVE_LEVEL !=INTERNAL && NAME!=bd_top_i/mig_7series_0/u_bd_top_mig_7series_0_0_mig/u_ddr3_infrastructure/gen_mmcm.mmcm_i} -of_object [get_pins -filter {DIRECTION==IN} -of_objects [get_nets -hierarchical -filter {PARENT=="bd_top_i/mig_7series_0/u_bd_top_mig_7series_0_0_mig/u_ddr3_infrastructure/CLK"}]]]
resize_pblock [get_pblocks {CLKAG_bd_top_i/mig_7series_0/u_bd_top_mig_7series_0_0_mig/u_ddr3_infrastructure/CLK}] -add {CLOCKREGION_X0Y1:CLOCKREGION_X0Y1 CLOCKREGION_X0Y2:CLOCKREGION_X0Y2 CLOCKREGION_X0Y3:CLOCKREGION_X0Y3 CLOCKREGION_X0Y4:CLOCKREGION_X0Y4}
#endgroup

# Clock net "bd_top_i/clk_pll_cpu/inst/clk_cpu" driven by instance "bd_top_i/clk_pll_cpu/inst/clkout1_buf" located at site "BUFGCTRL_X0Y3"
#startgroup
create_pblock {CLKAG_bd_top_i/clk_pll_cpu/inst/clk_cpu}
add_cells_to_pblock [get_pblocks  {CLKAG_bd_top_i/clk_pll_cpu/inst/clk_cpu}] [get_cells -filter { PRIMITIVE_GROUP != I/O && IS_PRIMITIVE==1 && PRIMITIVE_LEVEL !=INTERNAL } -of_object [get_pins -filter {DIRECTION==IN} -of_objects [get_nets -hierarchical -filter {PARENT=="bd_top_i/clk_pll_cpu/inst/clk_cpu"}]]]
resize_pblock [get_pblocks {CLKAG_bd_top_i/clk_pll_cpu/inst/clk_cpu}] -add {CLOCKREGION_X0Y1:CLOCKREGION_X0Y1 CLOCKREGION_X0Y2:CLOCKREGION_X0Y2 CLOCKREGION_X0Y3:CLOCKREGION_X0Y3 CLOCKREGION_X1Y0:CLOCKREGION_X1Y0 CLOCKREGION_X1Y1:CLOCKREGION_X1Y1 CLOCKREGION_X1Y2:CLOCKREGION_X1Y2 CLOCKREGION_X1Y3:CLOCKREGION_X1Y3}
#endgroup

# Clock net "bd_top_i/clk_pll_33/inst/clk_spi" driven by instance "bd_top_i/clk_pll_33/inst/clkout1_buf" located at site "BUFGCTRL_X0Y17"
#startgroup
create_pblock {CLKAG_bd_top_i/clk_pll_33/inst/clk_spi}
add_cells_to_pblock [get_pblocks  {CLKAG_bd_top_i/clk_pll_33/inst/clk_spi}] [get_cells -filter { PRIMITIVE_GROUP != I/O && IS_PRIMITIVE==1 && PRIMITIVE_LEVEL !=INTERNAL } -of_object [get_pins -filter {DIRECTION==IN} -of_objects [get_nets -hierarchical -filter {PARENT=="bd_top_i/clk_pll_33/inst/clk_spi"}]]]
resize_pblock [get_pblocks {CLKAG_bd_top_i/clk_pll_33/inst/clk_spi}] -add {CLOCKREGION_X0Y1:CLOCKREGION_X0Y1}
#endgroup

# Clock net "bd_top_i/clk_pll_200/inst/clk_ref" driven by instance "bd_top_i/clk_pll_200/inst/clkout1_buf" located at site "BUFGCTRL_X0Y1"
#startgroup
create_pblock {CLKAG_bd_top_i/clk_pll_200/inst/clk_ref}
add_cells_to_pblock [get_pblocks  {CLKAG_bd_top_i/clk_pll_200/inst/clk_ref}] [get_cells -filter { PRIMITIVE_GROUP != I/O && IS_PRIMITIVE==1 && PRIMITIVE_LEVEL !=INTERNAL } -of_object [get_pins -filter {DIRECTION==IN} -of_objects [get_nets -hierarchical -filter {PARENT=="bd_top_i/clk_pll_200/inst/clk_ref"}]]]
resize_pblock [get_pblocks {CLKAG_bd_top_i/clk_pll_200/inst/clk_ref}] -add {CLOCKREGION_X0Y2:CLOCKREGION_X0Y2 CLOCKREGION_X0Y3:CLOCKREGION_X0Y3 CLOCKREGION_X0Y4:CLOCKREGION_X0Y4}
#endgroup

# Clock net "bd_top_i/clk_pll_100/inst/clk_out1" driven by instance "bd_top_i/clk_pll_100/inst/clkout1_buf" located at site "BUFGCTRL_X0Y4"
#startgroup
create_pblock {CLKAG_bd_top_i/clk_pll_100/inst/clk_out1}
add_cells_to_pblock [get_pblocks  {CLKAG_bd_top_i/clk_pll_100/inst/clk_out1}] [get_cells -filter { PRIMITIVE_GROUP != I/O && IS_PRIMITIVE==1 && PRIMITIVE_LEVEL !=INTERNAL } -of_object [get_pins -filter {DIRECTION==IN} -of_objects [get_nets -hierarchical -filter {PARENT=="bd_top_i/clk_pll_100/inst/clk_out1"}]]]
resize_pblock [get_pblocks {CLKAG_bd_top_i/clk_pll_100/inst/clk_out1}] -add {CLOCKREGION_X0Y0:CLOCKREGION_X0Y0 CLOCKREGION_X0Y1:CLOCKREGION_X0Y1 CLOCKREGION_X0Y2:CLOCKREGION_X0Y2 CLOCKREGION_X0Y3:CLOCKREGION_X0Y3 CLOCKREGION_X0Y4:CLOCKREGION_X0Y4 CLOCKREGION_X1Y0:CLOCKREGION_X1Y0 CLOCKREGION_X1Y1:CLOCKREGION_X1Y1 CLOCKREGION_X1Y2:CLOCKREGION_X1Y2 CLOCKREGION_X1Y3:CLOCKREGION_X1Y3}
#endgroup

# Clock net "bd_top_i/axi_ethernetlite_0/U0/phy_tx_clk_core" driven by instance "bd_top_i/axi_ethernetlite_0/U0/NO_LOOPBACK_GEN.INCLUDE_BUFG_GEN.CLOCK_BUFG_TX" located at site "BUFGCTRL_X0Y2"
#startgroup
create_pblock {CLKAG_bd_top_i/axi_ethernetlite_0/U0/phy_tx_clk_core}
add_cells_to_pblock [get_pblocks  {CLKAG_bd_top_i/axi_ethernetlite_0/U0/phy_tx_clk_core}] [get_cells -filter { PRIMITIVE_GROUP != I/O && IS_PRIMITIVE==1 && PRIMITIVE_LEVEL !=INTERNAL } -of_object [get_pins -filter {DIRECTION==IN} -of_objects [get_nets -hierarchical -filter {PARENT=="bd_top_i/axi_ethernetlite_0/U0/phy_tx_clk_core"}]]]
resize_pblock [get_pblocks {CLKAG_bd_top_i/axi_ethernetlite_0/U0/phy_tx_clk_core}] -add {CLOCKREGION_X0Y0:CLOCKREGION_X0Y0 CLOCKREGION_X0Y1:CLOCKREGION_X0Y1}
#endgroup

# Clock net "bd_top_i/axi_ethernetlite_0/U0/phy_rx_clk_core" driven by instance "bd_top_i/axi_ethernetlite_0/U0/NO_LOOPBACK_GEN.INCLUDE_BUFG_GEN.CLOCK_BUFG_RX" located at site "BUFGCTRL_X0Y0"
#startgroup
create_pblock {CLKAG_bd_top_i/axi_ethernetlite_0/U0/phy_rx_clk_core}
add_cells_to_pblock [get_pblocks  {CLKAG_bd_top_i/axi_ethernetlite_0/U0/phy_rx_clk_core}] [get_cells -filter { PRIMITIVE_GROUP != I/O && IS_PRIMITIVE==1 && PRIMITIVE_LEVEL !=INTERNAL } -of_object [get_pins -filter {DIRECTION==IN} -of_objects [get_nets -hierarchical -filter {PARENT=="bd_top_i/axi_ethernetlite_0/U0/phy_rx_clk_core"}]]]
resize_pblock [get_pblocks {CLKAG_bd_top_i/axi_ethernetlite_0/U0/phy_rx_clk_core}] -add {CLOCKREGION_X0Y0:CLOCKREGION_X0Y0 CLOCKREGION_X0Y1:CLOCKREGION_X0Y1 CLOCKREGION_X1Y1:CLOCKREGION_X1Y1}
#endgroup
